// Jest Snapshot v1, https://goo.gl/fbAQLP

exports[`<HomePage /> should render and match the snapshot 1`] = `
<div
  class="container"
>
  <div
    class="row"
  >
    <div
      class="col-12"
    />
  </div>
  <div
    class="row"
  >
    <div
      class="col-12"
    >
      <div
        id="alert"
      />
    </div>
  </div>
  <div
    class="row"
  >
    <div
      class="col-12"
    >
      <div
        class="modal-container jumbotron"
        id="viewport"
      >
        <h1>
          More Content Coming Soon
        </h1>
      </div>
    </div>
  </div>
</div>
`;
