// Jest Snapshot v1, https://goo.gl/fbAQLP

exports[`<ComingSoonModal /> Should render and match the snapshot 1`] = `null`;
