// Jest Snapshot v1, https://goo.gl/fbAQLP

exports[`<LoadingIndicator /> Should render and match the snapshot 1`] = `
<div
  class="spinner-border"
  role="status"
>
  <span
    class="sr-only"
  >
    <span>
      Loading...
    </span>
  </span>
</div>
`;
