// Jest Snapshot v1, https://goo.gl/fbAQLP

exports[`<Menu /> Should render and match the initial snapshot 1`] = `
<nav
  class="navbar navbar-expand-md navbar-dark bg-dark sticky-top"
>
  <div
    class="container"
  >
    <span
      class="navbar-brand"
    >
      <span>
        Ian T. Small
      </span>
    </span>
    <button
      aria-label="Toggle navigation"
      class="navbar-toggler"
      type="button"
    >
      <span
        class="navbar-toggler-icon"
      />
    </button>
    <div
      class="justify-content-start navbar-collapse collapse"
    >
      <span
        class="navbar-text"
      >
        <span>
          Fullstack Software Engineer
        </span>
      </span>
    </div>
    <div
      class="justify-content-end navbar-collapse collapse"
    >
      <div
        class="navbar-nav"
      >
        <div
          class="nav-item"
        >
          <a
            class="nav-link"
            data-rb-event-key="/resume/"
            href="/resume/"
          >
            <span>
              Resume
            </span>
          </a>
        </div>
        <div
          class="nav-item"
        >
          <a
            class="nav-link"
            data-rb-event-key="#comingSoon"
            href="#comingSoon"
          >
            <span>
              Site Roadmap
            </span>
          </a>
        </div>
      </div>
    </div>
  </div>
</nav>
`;
